Using pre-set license
Built from '2022.3/staging' branch; Version is '2022.3.58f1 (ed7f6eacb62e) revision 15564654'; Using compiler version '192829333'; Build Type 'Release'
OS: 'Windows 11  (10.0.26100) 64bit Core' Language: 'en' Physical Memory: 32687 MB
BatchMode: 1, IsHumanControllingUs: 0, StartBugReporterOnCrash: 0, Is64bit: 1, IsPro: 1

COMMAND LINE ARGUMENTS:
C:\Program Files\Unity\Hub\Editor\2022.3.58f1\Editor\Unity.exe
-adb2
-batchMode
-noUpm
-name
AssetImportWorker0
-projectPath
N:/Video Game Projects/Github Game Projects/git/SchoolProjects/PRIMESTEM/PRIMESTEM_CA25/PRIMESTEM_CA25_PC
-logFile
Logs/AssetImportWorker0.log
-srvPort
52628
Successfully changed project path to: N:/Video Game Projects/Github Game Projects/git/SchoolProjects/PRIMESTEM/PRIMESTEM_CA25/PRIMESTEM_CA25_PC
N:/Video Game Projects/Github Game Projects/git/SchoolProjects/PRIMESTEM/PRIMESTEM_CA25/PRIMESTEM_CA25_PC
[UnityMemory] Configuration Parameters - Can be set up in boot.config
    "memorysetup-bucket-allocator-granularity=16"
    "memorysetup-bucket-allocator-bucket-count=8"
    "memorysetup-bucket-allocator-block-size=33554432"
    "memorysetup-bucket-allocator-block-count=8"
    "memorysetup-main-allocator-block-size=16777216"
    "memorysetup-thread-allocator-block-size=16777216"
    "memorysetup-gfx-main-allocator-block-size=16777216"
    "memorysetup-gfx-thread-allocator-block-size=16777216"
    "memorysetup-cache-allocator-block-size=4194304"
    "memorysetup-typetree-allocator-block-size=2097152"
    "memorysetup-profiler-bucket-allocator-granularity=16"
    "memorysetup-profiler-bucket-allocator-bucket-count=8"
    "memorysetup-profiler-bucket-allocator-block-size=33554432"
    "memorysetup-profiler-bucket-allocator-block-count=8"
    "memorysetup-profiler-allocator-block-size=16777216"
    "memorysetup-profiler-editor-allocator-block-size=1048576"
    "memorysetup-temp-allocator-size-main=16777216"
    "memorysetup-job-temp-allocator-block-size=2097152"
    "memorysetup-job-temp-allocator-block-size-background=1048576"
    "memorysetup-job-temp-allocator-reduction-small-platforms=262144"
    "memorysetup-allocator-temp-initial-block-size-main=262144"
    "memorysetup-allocator-temp-initial-block-size-worker=262144"
    "memorysetup-temp-allocator-size-background-worker=32768"
    "memorysetup-temp-allocator-size-job-worker=262144"
    "memorysetup-temp-allocator-size-preload-manager=33554432"
    "memorysetup-temp-allocator-size-nav-mesh-worker=65536"
    "memorysetup-temp-allocator-size-audio-worker=65536"
    "memorysetup-temp-allocator-size-cloud-worker=32768"
    "memorysetup-temp-allocator-size-gi-baking-worker=262144"
    "memorysetup-temp-allocator-size-gfx=262144"
Player connection [61236]  Target information:

Player connection [61236]  * "[IP] 10.132.20.25 [Port] 0 [Flags] 2 [Guid] 1656598918 [EditorId] 1656598918 [Version] 1048832 [Id] WindowsEditor(7,TheJaymer1998-Gaming-Laptop) [Debug] 1 [PackageName] WindowsEditor [ProjectName] Editor" 

Player connection [61236]  * "[IP] 169.254.238.210 [Port] 0 [Flags] 2 [Guid] 1656598918 [EditorId] 1656598918 [Version] 1048832 [Id] WindowsEditor(7,TheJaymer1998-Gaming-Laptop) [Debug] 1 [PackageName] WindowsEditor [ProjectName] Editor" 

Player connection [61236]  * "[IP] 10.5.0.2 [Port] 0 [Flags] 2 [Guid] 1656598918 [EditorId] 1656598918 [Version] 1048832 [Id] WindowsEditor(7,TheJaymer1998-Gaming-Laptop) [Debug] 1 [PackageName] WindowsEditor [ProjectName] Editor" 

Player connection [61236]  * "[IP] 10.132.189.216 [Port] 0 [Flags] 2 [Guid] 1656598918 [EditorId] 1656598918 [Version] 1048832 [Id] WindowsEditor(7,TheJaymer1998-Gaming-Laptop) [Debug] 1 [PackageName] WindowsEditor [ProjectName] Editor" 

Player connection [61236] Host joined multi-casting on [225.0.0.222:54997]...
Player connection [61236] Host joined alternative multi-casting on [225.0.0.222:34997]...
Input System module state changed to: Initialized.
[PhysX] Initialized MultithreadedTaskDispatcher with 12 workers.
Refreshing native plugins compatible for Editor in 182.77 ms, found 4 plugins.
Preloading 0 native plugins for Editor in 0.00 ms.
Initialize engine version: 2022.3.58f1 (ed7f6eacb62e)
[Subsystems] Discovering subsystems at path C:/Program Files/Unity/Hub/Editor/2022.3.58f1/Editor/Data/Resources/UnitySubsystems
[Subsystems] Discovering subsystems at path N:/Video Game Projects/Github Game Projects/git/SchoolProjects/PRIMESTEM/PRIMESTEM_CA25/PRIMESTEM_CA25_PC/Assets
GfxDevice: creating device client; threaded=0; jobified=0
Direct3D:
    Version:  Direct3D 11.0 [level 11.1]
    Renderer: NVIDIA GeForce RTX 2060 (ID=0x1f51)
    Vendor:   NVIDIA
    VRAM:     5955 MB
    Driver:   32.0.15.6081
Initialize mono
Mono path[0] = 'C:/Program Files/Unity/Hub/Editor/2022.3.58f1/Editor/Data/Managed'
Mono path[1] = 'C:/Program Files/Unity/Hub/Editor/2022.3.58f1/Editor/Data/MonoBleedingEdge/lib/mono/unityjit-win32'
Mono config path = 'C:/Program Files/Unity/Hub/Editor/2022.3.58f1/Editor/Data/MonoBleedingEdge/etc'
Using monoOptions --debugger-agent=transport=dt_socket,embedding=1,server=y,suspend=n,address=127.0.0.1:56292
Begin MonoManager ReloadAssembly
Registering precompiled unity dll's ...
Register platform support module: C:/Program Files/Unity/Hub/Editor/2022.3.58f1/Editor/Data/PlaybackEngines/WebGLSupport/UnityEditor.WebGL.Extensions.dll
Register platform support module: C:/Program Files/Unity/Hub/Editor/2022.3.58f1/Editor/Data/PlaybackEngines/MacStandaloneSupport/UnityEditor.OSXStandalone.Extensions.dll
Register platform support module: C:/Program Files/Unity/Hub/Editor/2022.3.58f1/Editor/Data/PlaybackEngines/AndroidPlayer/UnityEditor.Android.Extensions.dll
Register platform support module: C:/Program Files/Unity/Hub/Editor/2022.3.58f1/Editor/Data/PlaybackEngines/iOSSupport/UnityEditor.iOS.Extensions.dll
Register platform support module: C:/Program Files/Unity/Hub/Editor/2022.3.58f1/Editor/Data/PlaybackEngines/VisionOSPlayer/UnityEditor.VisionOS.Extensions.dll
Register platform support module: C:/Program Files/Unity/Hub/Editor/2022.3.58f1/Editor/Data/PlaybackEngines/AppleTVSupport/UnityEditor.AppleTV.Extensions.dll
Register platform support module: C:/Program Files/Unity/Hub/Editor/2022.3.58f1/Editor/Data/PlaybackEngines/WindowsStandaloneSupport/UnityEditor.WindowsStandalone.Extensions.dll
Register platform support module: C:/Program Files/Unity/Hub/Editor/2022.3.58f1/Editor/Data/PlaybackEngines/LinuxStandaloneSupport/UnityEditor.LinuxStandalone.Extensions.dll
Register platform support module: C:/Program Files/Unity/Hub/Editor/2022.3.58f1/Editor/Data/PlaybackEngines/MetroSupport/UnityEditor.UWP.Extensions.dll
Registered in 0.260834 seconds.
- Loaded All Assemblies, in  1.836 seconds
Native extension for UWP target not found
Native extension for LinuxStandalone target not found
Native extension for WindowsStandalone target not found
[usbmuxd] Start listen thread
[usbmuxd] Listen thread started
[usbmuxd] Send listen message
Native extension for AppleTV target not found
Failed to load: C:/Program Files/Unity/Hub/Editor/2022.3.58f1/Editor/Data/PlaybackEngines/VisionOSPlayer\x64\UnityEditor.VisionOS.Native.dll
Native extension for VisionOS target not found
[usbmuxd] Start listen thread
[usbmuxd] Listen thread started
[usbmuxd] Send listen message
Native extension for iOS target not found
Native extension for Android target not found
Android Extension - Scanning For ADB Devices 2313 ms
Native extension for OSXStandalone target not found
Native extension for WebGL target not found
Mono: successfully reloaded assembly
- Finished resetting the current domain, in  3.450 seconds
Domain Reload Profiling: 5251ms
	BeginReloadAssembly (628ms)
		ExecutionOrderSort (0ms)
		DisableScriptedObjects (0ms)
		BackupInstance (0ms)
		ReleaseScriptingObjects (0ms)
		CreateAndSetChildDomain (2ms)
	RebuildCommonClasses (103ms)
	RebuildNativeTypeToScriptingClass (20ms)
	initialDomainReloadingComplete (453ms)
	LoadAllAssembliesAndSetupDomain (597ms)
		LoadAssemblies (614ms)
		RebuildTransferFunctionScriptingTraits (0ms)
		AnalyzeDomain (572ms)
			TypeCache.Refresh (569ms)
				TypeCache.ScanAssembly (537ms)
			ScanForSourceGeneratedMonoScriptInfo (1ms)
			ResolveRequiredComponents (1ms)
	FinalizeReload (3450ms)
		ReleaseScriptCaches (0ms)
		RebuildScriptCaches (0ms)
		SetupLoadedEditorAssemblies (3347ms)
			LogAssemblyErrors (0ms)
			InitializePlatformSupportModulesInManaged (2996ms)
			SetLoadedEditorAssemblies (7ms)
			RefreshPlugins (0ms)
			BeforeProcessingInitializeOnLoad (3ms)
			ProcessInitializeOnLoadAttributes (253ms)
			ProcessInitializeOnLoadMethodAttributes (87ms)
			AfterProcessingInitializeOnLoad (0ms)
			EditorAssembliesLoaded (0ms)
		ExecutionOrderSort2 (0ms)
		AwakeInstancesAfterBackupRestoration (0ms)
========================================================================
Worker process is ready to serve import requests
Caller must complete domain reload
Begin MonoManager ReloadAssembly
Symbol file data-000002092154E860 doesn't match image N:\Video Game Projects\Github Game Projects\git\SchoolProjects\PRIMESTEM\PRIMESTEM_CA25\PRIMESTEM_CA25_PC\Library\ScriptAssemblies\Unity.2D.IK.Runtime.dll
Symbol file LoadedFromMemory is not a mono symbol file
Symbol file data-0000020921467010 doesn't match image N:\Video Game Projects\Github Game Projects\git\SchoolProjects\PRIMESTEM\PRIMESTEM_CA25\PRIMESTEM_CA25_PC\Library\ScriptAssemblies\Unity.RenderPipelines.Core.Runtime.dll
Symbol file LoadedFromMemory is not a mono symbol file
Symbol file data-0000020921F8F830 doesn't match image N:\Video Game Projects\Github Game Projects\git\SchoolProjects\PRIMESTEM\PRIMESTEM_CA25\PRIMESTEM_CA25_PC\Library\ScriptAssemblies\Unity.2D.Common.Path.Editor.dll
Symbol file LoadedFromMemory is not a mono symbol file
Assembly 'Library/ScriptAssemblies/Unity.2D.PixelPerfect.Editor.dll' will not be loaded due to errors:
Unable to resolve reference 'Unity.RenderPipelines.Universal.Runtime'. Is the assembly missing or incompatible with the current platform?
Reference validation can be disabled in the Plugin Inspector.
Symbol file data-0000020921467010 doesn't match image N:\Video Game Projects\Github Game Projects\git\SchoolProjects\PRIMESTEM\PRIMESTEM_CA25\PRIMESTEM_CA25_PC\Library\ScriptAssemblies\Unity.Rider.Editor.dll
Symbol file LoadedFromMemory is not a mono symbol file
Symbol file data-0000020921494C20 doesn't match image N:\Video Game Projects\Github Game Projects\git\SchoolProjects\PRIMESTEM\PRIMESTEM_CA25\PRIMESTEM_CA25_PC\Library\ScriptAssemblies\Unity.2D.Sprite.Editor.dll
Symbol file LoadedFromMemory is not a mono symbol file
Symbol file data-0000020921667630 doesn't match image N:\Video Game Projects\Github Game Projects\git\SchoolProjects\PRIMESTEM\PRIMESTEM_CA25\PRIMESTEM_CA25_PC\Library\ScriptAssemblies\UnityEditor.TestRunner.dll
Symbol file LoadedFromMemory is not a mono symbol file
Symbol file data-0000020921999020 doesn't match image N:\Video Game Projects\Github Game Projects\git\SchoolProjects\PRIMESTEM\PRIMESTEM_CA25\PRIMESTEM_CA25_PC\Library\ScriptAssemblies\Unity.VisualScripting.Flow.dll
Symbol file LoadedFromMemory is not a mono symbol file
Symbol file data-000002092166D240 doesn't match image N:\Video Game Projects\Github Game Projects\git\SchoolProjects\PRIMESTEM\PRIMESTEM_CA25\PRIMESTEM_CA25_PC\Library\ScriptAssemblies\Unity.Mathematics.Editor.dll
Symbol file LoadedFromMemory is not a mono symbol file
Symbol file data-00000209214AE430 doesn't match image N:\Video Game Projects\Github Game Projects\git\SchoolProjects\PRIMESTEM\PRIMESTEM_CA25\PRIMESTEM_CA25_PC\Library\ScriptAssemblies\Unity.2D.Tilemap.Extras.Editor.dll
Symbol file LoadedFromMemory is not a mono symbol file
Symbol file data-00000209214AE430 doesn't match image N:\Video Game Projects\Github Game Projects\git\SchoolProjects\PRIMESTEM\PRIMESTEM_CA25\PRIMESTEM_CA25_PC\Library\ScriptAssemblies\Unity.RenderPipelines.Core.ShaderLibrary.dll
Symbol file LoadedFromMemory is not a mono symbol file
Symbol file data-00000209219D5340 doesn't match image N:\Video Game Projects\Github Game Projects\git\SchoolProjects\PRIMESTEM\PRIMESTEM_CA25\PRIMESTEM_CA25_PC\Library\ScriptAssemblies\Unity.PlasticSCM.Editor.dll
Symbol file LoadedFromMemory is not a mono symbol file
Symbol file data-00000209214B2EF0 doesn't match image N:\Video Game Projects\Github Game Projects\git\SchoolProjects\PRIMESTEM\PRIMESTEM_CA25\PRIMESTEM_CA25_PC\Library\ScriptAssemblies\Unity.2D.PixelPerfect.dll
Symbol file LoadedFromMemory is not a mono symbol file
Symbol file data-00000209214B2EF0 doesn't match image N:\Video Game Projects\Github Game Projects\git\SchoolProjects\PRIMESTEM\PRIMESTEM_CA25\PRIMESTEM_CA25_PC\Library\ScriptAssemblies\PPv2URPConverters.dll
Symbol file LoadedFromMemory is not a mono symbol file
Symbol file data-00000209214B2EF0 doesn't match image N:\Video Game Projects\Github Game Projects\git\SchoolProjects\PRIMESTEM\PRIMESTEM_CA25\PRIMESTEM_CA25_PC\Library\ScriptAssemblies\Unity.CollabProxy.Editor.dll
Symbol file LoadedFromMemory is not a mono symbol file
Symbol file data-00000209206C1E70 doesn't match image N:\Video Game Projects\Github Game Projects\git\SchoolProjects\PRIMESTEM\PRIMESTEM_CA25\PRIMESTEM_CA25_PC\Library\ScriptAssemblies\Unity.TextMeshPro.dll
Symbol file LoadedFromMemory is not a mono symbol file
Symbol file data-000002092173DC20 doesn't match image N:\Video Game Projects\Github Game Projects\git\SchoolProjects\PRIMESTEM\PRIMESTEM_CA25\PRIMESTEM_CA25_PC\Library\ScriptAssemblies\Unity.Burst.CodeGen.dll
Symbol file LoadedFromMemory is not a mono symbol file
Symbol file data-00000209214B2EF0 doesn't match image N:\Video Game Projects\Github Game Projects\git\SchoolProjects\PRIMESTEM\PRIMESTEM_CA25\PRIMESTEM_CA25_PC\Library\ScriptAssemblies\Unity.Toolchain.Win-x86_64-Linux-x86_64.dll
Symbol file LoadedFromMemory is not a mono symbol file
Assembly 'Library/ScriptAssemblies/Unity.RenderPipelines.Universal.Editor.dll' will not be loaded due to errors:
Unable to resolve reference 'Unity.RenderPipelines.Universal.Runtime'. Is the assembly missing or incompatible with the current platform?
Reference validation can be disabled in the Plugin Inspector.
Unable to resolve reference 'Unity.RenderPipelines.Core.Editor'. Is the assembly missing or incompatible with the current platform?
Reference validation can be disabled in the Plugin Inspector.
Symbol file data-00000209214B2EF0 doesn't match image N:\Video Game Projects\Github Game Projects\git\SchoolProjects\PRIMESTEM\PRIMESTEM_CA25\PRIMESTEM_CA25_PC\Library\ScriptAssemblies\Unity.RenderPipelines.ShaderGraph.ShaderGraphLibrary.dll
Symbol file LoadedFromMemory is not a mono symbol file
Symbol file data-00000209214B2EF0 doesn't match image N:\Video Game Projects\Github Game Projects\git\SchoolProjects\PRIMESTEM\PRIMESTEM_CA25\PRIMESTEM_CA25_PC\Library\ScriptAssemblies\Unity.Sysroot.Linux_x86_64.dll
Symbol file LoadedFromMemory is not a mono symbol file
Symbol file data-00000209206C1E70 doesn't match image N:\Video Game Projects\Github Game Projects\git\SchoolProjects\PRIMESTEM\PRIMESTEM_CA25\PRIMESTEM_CA25_PC\Library\ScriptAssemblies\Unity.Burst.dll
Symbol file LoadedFromMemory is not a mono symbol file
Symbol file data-00000209219D5340 doesn't match image N:\Video Game Projects\Github Game Projects\git\SchoolProjects\PRIMESTEM\PRIMESTEM_CA25\PRIMESTEM_CA25_PC\Library\ScriptAssemblies\Unity.Timeline.Editor.dll
Symbol file LoadedFromMemory is not a mono symbol file
Symbol file data-00000209214B2EF0 doesn't match image N:\Video Game Projects\Github Game Projects\git\SchoolProjects\PRIMESTEM\PRIMESTEM_CA25\PRIMESTEM_CA25_PC\Library\ScriptAssemblies\Unity.VisualScripting.Shared.Editor.dll
Symbol file LoadedFromMemory is not a mono symbol file
Assembly 'Library/ScriptAssemblies/Unity.ShaderGraph.Editor.dll' will not be loaded due to errors:
Unable to resolve reference 'Unity.RenderPipelines.Core.Editor'. Is the assembly missing or incompatible with the current platform?
Reference validation can be disabled in the Plugin Inspector.
Symbol file data-00000209200B2E90 doesn't match image N:\Video Game Projects\Github Game Projects\git\SchoolProjects\PRIMESTEM\PRIMESTEM_CA25\PRIMESTEM_CA25_PC\Library\ScriptAssemblies\Unity.VisualStudio.Editor.dll
Symbol file LoadedFromMemory is not a mono symbol file
Symbol file data-000002092085A220 doesn't match image N:\Video Game Projects\Github Game Projects\git\SchoolProjects\PRIMESTEM\PRIMESTEM_CA25\PRIMESTEM_CA25_PC\Library\ScriptAssemblies\UnityEditor.UI.dll
Symbol file LoadedFromMemory is not a mono symbol file
Symbol file data-0000020921C66E30 doesn't match image N:\Video Game Projects\Github Game Projects\git\SchoolProjects\PRIMESTEM\PRIMESTEM_CA25\PRIMESTEM_CA25_PC\Library\ScriptAssemblies\Unity.VisualScripting.Core.dll
Symbol file LoadedFromMemory is not a mono symbol file
Assembly 'Library/ScriptAssemblies/Unity.Collections.DocCodeSamples.dll' will not be loaded due to errors:
Unable to resolve reference 'Unity.Collections'. Is the assembly missing or incompatible with the current platform?
Reference validation can be disabled in the Plugin Inspector.
Symbol file data-000002092167C650 doesn't match image N:\Video Game Projects\Github Game Projects\git\SchoolProjects\PRIMESTEM\PRIMESTEM_CA25\PRIMESTEM_CA25_PC\Library\ScriptAssemblies\Unity.2D.Tilemap.Extras.dll
Symbol file LoadedFromMemory is not a mono symbol file
Symbol file data-0000020ABC1C2990 doesn't match image N:\Video Game Projects\Github Game Projects\git\SchoolProjects\PRIMESTEM\PRIMESTEM_CA25\PRIMESTEM_CA25_PC\Library\ScriptAssemblies\Unity.VisualScripting.Core.Editor.dll
Symbol file LoadedFromMemory is not a mono symbol file
Symbol file data-000002092085A220 doesn't match image N:\Video Game Projects\Github Game Projects\git\SchoolProjects\PRIMESTEM\PRIMESTEM_CA25\PRIMESTEM_CA25_PC\Library\ScriptAssemblies\UnityEngine.UI.dll
Symbol file LoadedFromMemory is not a mono symbol file
Symbol file data-00000209206C1E70 doesn't match image N:\Video Game Projects\Github Game Projects\git\SchoolProjects\PRIMESTEM\PRIMESTEM_CA25\PRIMESTEM_CA25_PC\Library\ScriptAssemblies\Unity.VisualScripting.Flow.Editor.dll
Symbol file LoadedFromMemory is not a mono symbol file
Symbol file data-00000209214B2EF0 doesn't match image N:\Video Game Projects\Github Game Projects\git\SchoolProjects\PRIMESTEM\PRIMESTEM_CA25\PRIMESTEM_CA25_PC\Library\ScriptAssemblies\Unity.InternalAPIEngineBridge.001.dll
Symbol file LoadedFromMemory is not a mono symbol file
Symbol file data-000002092087A150 doesn't match image N:\Video Game Projects\Github Game Projects\git\SchoolProjects\PRIMESTEM\PRIMESTEM_CA25\PRIMESTEM_CA25_PC\Library\ScriptAssemblies\Unity.2D.Common.Runtime.dll
Symbol file LoadedFromMemory is not a mono symbol file
Symbol file data-00000209214B2EF0 doesn't match image N:\Video Game Projects\Github Game Projects\git\SchoolProjects\PRIMESTEM\PRIMESTEM_CA25\PRIMESTEM_CA25_PC\Library\ScriptAssemblies\Unity.RenderPipeline.Universal.ShaderLibrary.dll
Symbol file LoadedFromMemory is not a mono symbol file
Symbol file data-00000209206CD480 doesn't match image N:\Video Game Projects\Github Game Projects\git\SchoolProjects\PRIMESTEM\PRIMESTEM_CA25\PRIMESTEM_CA25_PC\Library\ScriptAssemblies\Unity.Timeline.dll
Symbol file LoadedFromMemory is not a mono symbol file
Symbol file data-000002092175F630 doesn't match image N:\Video Game Projects\Github Game Projects\git\SchoolProjects\PRIMESTEM\PRIMESTEM_CA25\PRIMESTEM_CA25_PC\Library\ScriptAssemblies\Unity.VisualScripting.SettingsProvider.Editor.dll
Symbol file LoadedFromMemory is not a mono symbol file
Symbol file data-000002092167C650 doesn't match image N:\Video Game Projects\Github Game Projects\git\SchoolProjects\PRIMESTEM\PRIMESTEM_CA25\PRIMESTEM_CA25_PC\Library\ScriptAssemblies\Unity.SysrootPackage.Editor.dll
Symbol file LoadedFromMemory is not a mono symbol file
Symbol file data-000002092175F630 doesn't match image N:\Video Game Projects\Github Game Projects\git\SchoolProjects\PRIMESTEM\PRIMESTEM_CA25\PRIMESTEM_CA25_PC\Library\ScriptAssemblies\Unity.InternalAPIEditorBridge.001.dll
Symbol file LoadedFromMemory is not a mono symbol file
Symbol file data-0000020ABC2175C0 doesn't match image N:\Video Game Projects\Github Game Projects\git\SchoolProjects\PRIMESTEM\PRIMESTEM_CA25\PRIMESTEM_CA25_PC\Library\ScriptAssemblies\UnityEngine.TestRunner.dll
Symbol file LoadedFromMemory is not a mono symbol file
Symbol file data-00000209206DD490 doesn't match image N:\Video Game Projects\Github Game Projects\git\SchoolProjects\PRIMESTEM\PRIMESTEM_CA25\PRIMESTEM_CA25_PC\Library\ScriptAssemblies\Unity.VisualScripting.State.Editor.dll
Symbol file LoadedFromMemory is not a mono symbol file
Symbol file data-0000020ABC22FDD0 doesn't match image N:\Video Game Projects\Github Game Projects\git\SchoolProjects\PRIMESTEM\PRIMESTEM_CA25\PRIMESTEM_CA25_PC\Library\ScriptAssemblies\Unity.Mathematics.dll
Symbol file LoadedFromMemory is not a mono symbol file
Symbol file data-000002092175F630 doesn't match image N:\Video Game Projects\Github Game Projects\git\SchoolProjects\PRIMESTEM\PRIMESTEM_CA25\PRIMESTEM_CA25_PC\Library\ScriptAssemblies\Unity.RenderPipelines.Universal.Shaders.dll
Symbol file LoadedFromMemory is not a mono symbol file
Symbol file data-00000209207ADC20 doesn't match image N:\Video Game Projects\Github Game Projects\git\SchoolProjects\PRIMESTEM\PRIMESTEM_CA25\PRIMESTEM_CA25_PC\Library\ScriptAssemblies\Unity.TextMeshPro.Editor.dll
Symbol file LoadedFromMemory is not a mono symbol file
Symbol file data-00000209207ADC20 doesn't match image N:\Video Game Projects\Github Game Projects\git\SchoolProjects\PRIMESTEM\PRIMESTEM_CA25\PRIMESTEM_CA25_PC\Library\ScriptAssemblies\Unity.Searcher.Editor.dll
Symbol file LoadedFromMemory is not a mono symbol file
Symbol file data-00000209207B5A30 doesn't match image N:\Video Game Projects\Github Game Projects\git\SchoolProjects\PRIMESTEM\PRIMESTEM_CA25\PRIMESTEM_CA25_PC\Library\ScriptAssemblies\Unity.VisualScripting.State.dll
Symbol file LoadedFromMemory is not a mono symbol file
Assembly 'Library/ScriptAssemblies/Unity.2D.SpriteShape.Editor.dll' will not be loaded due to errors:
Unable to resolve reference 'Unity.2D.SpriteShape.Runtime'. Is the assembly missing or incompatible with the current platform?
Reference validation can be disabled in the Plugin Inspector.
Symbol file data-00000209207B5A30 doesn't match image N:\Video Game Projects\Github Game Projects\git\SchoolProjects\PRIMESTEM\PRIMESTEM_CA25\PRIMESTEM_CA25_PC\Library\ScriptAssemblies\Unity.2D.Tilemap.Editor.dll
Symbol file LoadedFromMemory is not a mono symbol file
Symbol file data-00000209206E76A0 doesn't match image N:\Video Game Projects\Github Game Projects\git\SchoolProjects\PRIMESTEM\PRIMESTEM_CA25\PRIMESTEM_CA25_PC\Library\ScriptAssemblies\Unity.ShaderGraph.Utilities.dll
Symbol file LoadedFromMemory is not a mono symbol file
Assembly 'Library/ScriptAssemblies/Unity.2D.IK.Editor.dll' will not be loaded due to errors:
Unable to resolve reference 'Unity.2D.Animation.Editor'. Is the assembly missing or incompatible with the current platform?
Reference validation can be disabled in the Plugin Inspector.
- Loaded All Assemblies, in  2.932 seconds
Native extension for UWP target not found
Native extension for LinuxStandalone target not found
Native extension for WindowsStandalone target not found
Native extension for AppleTV target not found
Failed to load: C:/Program Files/Unity/Hub/Editor/2022.3.58f1/Editor/Data/PlaybackEngines/VisionOSPlayer\x64\UnityEditor.VisionOS.Native.dll
Native extension for VisionOS target not found
Native extension for iOS target not found
Native extension for Android target not found
Native extension for OSXStandalone target not found
Native extension for WebGL target not found
Mono: successfully reloaded assembly
- Finished resetting the current domain, in  2.759 seconds
Domain Reload Profiling: 5660ms
	BeginReloadAssembly (591ms)
		ExecutionOrderSort (0ms)
		DisableScriptedObjects (10ms)
		BackupInstance (0ms)
		ReleaseScriptingObjects (0ms)
		CreateAndSetChildDomain (34ms)
	RebuildCommonClasses (100ms)
	RebuildNativeTypeToScriptingClass (32ms)
	initialDomainReloadingComplete (275ms)
	LoadAllAssembliesAndSetupDomain (1901ms)
		LoadAssemblies (1826ms)
		RebuildTransferFunctionScriptingTraits (0ms)
		AnalyzeDomain (520ms)
			TypeCache.Refresh (463ms)
				TypeCache.ScanAssembly (413ms)
			ScanForSourceGeneratedMonoScriptInfo (41ms)
			ResolveRequiredComponents (13ms)
	FinalizeReload (2760ms)
		ReleaseScriptCaches (0ms)
		RebuildScriptCaches (0ms)
		SetupLoadedEditorAssemblies (2380ms)
			LogAssemblyErrors (0ms)
			InitializePlatformSupportModulesInManaged (410ms)
			SetLoadedEditorAssemblies (10ms)
			RefreshPlugins (0ms)
			BeforeProcessingInitializeOnLoad (295ms)
			ProcessInitializeOnLoadAttributes (1497ms)
			ProcessInitializeOnLoadMethodAttributes (51ms)
			AfterProcessingInitializeOnLoad (117ms)
			EditorAssembliesLoaded (0ms)
		ExecutionOrderSort2 (0ms)
		AwakeInstancesAfterBackupRestoration (31ms)
Launched and connected shader compiler UnityShaderCompiler.exe after 0.39 seconds
Refreshing native plugins compatible for Editor in 20.47 ms, found 4 plugins.
Preloading 0 native plugins for Editor in 0.00 ms.
Unloading 5784 Unused Serialized files (Serialized files now loaded: 0)
Unloading 39 unused Assets / (0.8 MB). Loaded Objects now: 6242.
Memory consumption went from 206.2 MB to 205.5 MB.
Total: 4.115400 ms (FindLiveObjects: 0.441800 ms CreateObjectMapping: 0.441800 ms MarkObjects: 2.833600 ms  DeleteObjects: 0.397200 ms)

AssetImportParameters requested are different than current active one (requested -> active):
  custom:container-demuxer-ogg: 62fdf1f143b41e24485cea50d1cbac27 -> 
  custom:video-codec-MediaFoundation-h265: 746d11721c4dcdbdad8f713fa42b33f4 -> 
  custom:video-decoder-ogg-theora: a1e56fd34408186e4bbccfd4996cb3dc -> 
  custom:framework-win-MediaFoundation: 216162199b28c13a410421893ffa2e32 -> 
  custom:CustomObjectIndexerAttribute: 9a22284fe3817be447336de3de66b15e -> 
  custom:container-demuxer-webm: 4f35f7cbe854078d1ac9338744f61a02 -> 
  custom:container-muxer-webm: aa71ff27fc2769a1b78a27578f13a17b -> 
  custom:video-decoder-webm-vp8: 9c59270c3fd7afecdb556c50c9e8de78 -> 
  custom:SearchIndexIgnoredProperties: e643bd26f0fe6173181afceb89e7c659 -> 
  custom:AudioImporter_EditorPlatform: d09bf68614088b80899f8185d706f6e7 -> 
  custom:video-encoder-webm-vp8: eb34c28f22e8b96e1ab97ce403110664 -> 
  custom:audio-decoder-ogg-vorbis: bf7c407c2cedff20999df2af8eb42d56 -> 
  custom:audio-encoder-webm-vorbis: bf7c407c2cedff20999df2af8eb42d56 -> 
